[dotenv@17.2.3] injecting env (24) from .env.local -- tip: 🔑 add access controls to secrets: https://dotenvx.com/ops
[dotenv@17.2.3] injecting env (0) from .env.local -- tip: ⚙️  load multiple .env files with { path: ['.env.local', '.env'] }

Running 1 test using 1 worker

[1A[2K[dotenv@17.2.3] injecting env (0) from .env.local -- tip: ⚙️  specify custom .env file path with { path: '/custom/path/.env' }

[1A[2K[dotenv@17.2.3] injecting env (0) from .env.local -- tip: 🛠️  run anywhere with `dotenvx run -- yourcommand`

[1A[2K[1/1] [no-auth] › tests/golf-stats.spec.ts:53:9 › Golf Stats System › Stat Upload: Updates player stats and reflect on leaderboard
[1A[2K[no-auth] › tests/golf-stats.spec.ts:53:9 › Golf Stats System › Stat Upload: Updates player stats and reflect on leaderboard
BROWSER: %cDownload the React DevTools for a better development experience: https://react.dev/link/react-devtools font-weight:bold

[1A[2KBROWSER: [HMR] connected

[1A[2KBROWSER: %cDownload the React DevTools for a better development experience: https://react.dev/link/react-devtools font-weight:bold

[1A[2KBROWSER: [HMR] connected

[1A[2KBROWSER: %c[Vercel Web Analytics]%c Debug mode is enabled by default in development. No requests will be sent to the server. color: rgb(120, 120, 120) color: inherit

[1A[2KBROWSER: %c[Vercel Web Analytics]%c [pageview] http://localhost:3000/login color: rgb(120, 120, 120) color: inherit {o: http://localhost:3000/login, sv: 0.1.3, sdkn: @vercel/analytics/react, sdkv: 1.6.1, ts: 1770578365613}

[1A[2KBROWSER: %c[Vercel Speed Insights]%c Debug mode is enabled by default in development. No requests will be sent to the server. color: rgb(120, 120, 120) color: inherit

[1A[2KFilling login form for: golf-test-1770578363654@east.com

[1A[2KWaiting for redirect to home...

[1A[2K  1) [no-auth] › tests/golf-stats.spec.ts:53:9 › Golf Stats System › Stat Upload: Updates player stats and reflect on leaderboard 

    Test was interrupted.

    Error: page.waitForURL: Test ended.
    =========================== logs ===========================
    waiting for navigation until "load"
    ============================================================

      70 |         console.log('Waiting for redirect to home...');
      71 |         // 3. Wait for Home Screen (redirect after login)
    > 72 |         await page.waitForURL(url => url.origin === 'http://localhost:3000' && url.pathname === '/', { timeout: 15000 });
         |                    ^
      73 |
      74 |         console.log('Verifying home screen content...');
      75 |         await expect(page.locator('h2:has-text("Breaking News")')).toBeVisible({ timeout: 10000 });
        at /Users/nicholasmacaskill/Downloads/east-app-hongkong-main/tests/golf-stats.spec.ts:72:20

    attachment #1: screenshot (image/png) ──────────────────────────────────────────────────────────
    test-results/golf-stats-Golf-Stats-Syst-7fa68--and-reflect-on-leaderboard-no-auth/test-failed-1.png
    ────────────────────────────────────────────────────────────────────────────────────────────────


[1A[2K  1 interrupted
    [no-auth] › tests/golf-stats.spec.ts:53:9 › Golf Stats System › Stat Upload: Updates player stats and reflect on leaderboard 

To open last HTML report run:
[36m[39m
[36m  npx playwright show-report[39m
[36m[39m
